Mono path[0] = 'C:/ssafy/S15P21D204/Client/Build/SSketch_Data/Managed'
Mono config path = 'C:/ssafy/S15P21D204/Client/Build/MonoBleedingEdge/etc'
Input System module state changed to: Initialized.
[Physics::Module] Initialized fallback backend.
[Physics::Module] Id: 0xdecafbad
Initialize engine version: 6000.3.22f1 (1c726e1fb402)
[Subsystems] Discovering subsystems at path C:/ssafy/S15P21D204/Client/Build/SSketch_Data/UnitySubsystems
[D3D12 Device Filter] Vendor Name: NVIDIA
[D3D12 Device Filter] Device Name: NVIDIA GeForce RTX 4050 Laptop GPU
[D3D12 Device Filter] Driver Version: 32.0.15.7657
[D3D12 Device Filter] Feature Level: 12.2
[D3D12 Device Filter] Graphics Memory: 5924 MB
[D3D12 Device Filter] Processor Count: 22
[D3D12 Device Filter] Device Type: Discrete
GfxDevice: creating device client; kGfxThreadingModeSplitJobs
d3d12: failed to query info queue interface (0x80004002).
Direct3D:
    Version:         Direct3D 12 [level 12.2]
    Renderer:        NVIDIA GeForce RTX 4050 Laptop GPU (ID=0x28a1)
    Vendor:          NVIDIA
    VRAM:            5924 MB
    App VRAM Budget: 5156 MB
    Driver:          32.0.15.7657
Begin MonoManager ReloadAssembly
- Loaded All Assemblies, in  0.175 seconds
- Finished resetting the current domain, in  0.002 seconds
[Physics::Module] Selected backend.
[Physics::Module] Name: PhysX
[Physics::Module] Id: 0xf2b8ea05
[Physics::Module] SDK Version: 4.1.2
[Physics::Module] Integration Version: 1.0.0
[Physics::Module] Threading Mode: Multi-Threaded
<RI> Initializing input.
Using Windows.Gaming.Input
UnloadTime: 0.567900 ms
Unloading 6 Unused Serialized files (Serialized files now loaded: 0)
UnloadTime: 6.959500 ms
Unloading 361 unused Assets to reduce memory usage. Loaded Objects now: 12307.
Total: 4.179400 ms (FindLiveObjects: 0.477200 ms CreateObjectMapping: 0.418200 ms MarkObjects: 3.122100 ms  DeleteObjects: 0.161300 ms)

Unloading 4 Unused Serialized files (Serialized files now loaded: 0)
UnloadTime: 1.253000 ms
Unloading 125 unused Assets to reduce memory usage. Loaded Objects now: 47757.
Total: 20.266900 ms (FindLiveObjects: 2.029900 ms CreateObjectMapping: 3.476600 ms MarkObjects: 14.414000 ms  DeleteObjects: 0.345600 ms)

Unloading 4 Unused Serialized files (Serialized files now loaded: 0)
UnloadTime: 10.315200 ms
Unloading 355 unused Assets to reduce memory usage. Loaded Objects now: 45221.
Total: 21.902900 ms (FindLiveObjects: 3.760000 ms CreateObjectMapping: 2.324000 ms MarkObjects: 15.378200 ms  DeleteObjects: 0.439600 ms)

Unloading 5 Unused Serialized files (Serialized files now loaded: 0)
UnloadTime: 1.070100 ms
Unloading 21 unused Assets to reduce memory usage. Loaded Objects now: 88213.
Total: 31.637100 ms (FindLiveObjects: 7.892300 ms CreateObjectMapping: 5.894400 ms MarkObjects: 17.518700 ms  DeleteObjects: 0.330800 ms)

[Network] Unhandled packet id 2415 (166 byte payload). Skipped.
[밤 아이템] 기존 번호[8]: 미구현 아이템, 다른 아이템[1]으로 교체합니다
InvalidOperationException: GameInstance에 UIRoot가 연결되지 않았습니다.
  at GameInstance.InitializeServices () [0x0000e] in <0363dfd4c09145b7831ba74be9dd35c5>:0 
  at GameInstance.InitializeInstance () [0x00027] in <0363dfd4c09145b7831ba74be9dd35c5>:0 
  at GameInstance.Awake () [0x0002c] in <0363dfd4c09145b7831ba74be9dd35c5>:0 
UnityEngine.GameObject:Internal_AddComponentWithType_Injected(IntPtr, Type)
UnityEngine.GameObject:Internal_AddComponentWithType(Type)
UnityEngine.GameObject:AddComponent(Type)
UnityEngine.GameObject:AddComponent()
GameInstance:Initialize()
GameInstance:get_Instance()
InGameEntryPoint:ResolveHostEntityTransform(UInt32)
HostAuthorityWeaponSpawnBinder:RefreshRemoteEquipmentMode(UInt32)
HostAuthorityWeaponSpawnBinder:ForgetGrantedWeapon(UInt32, Boolean)
NightItemEquipmentBinder:DestroyEntries()
NightItemEquipmentBinder:DisposeBindings()
InGameEntryPoint:OnDestroy()

[Physics::Module] Cleanup current backend.
[Physics::Module] Id: 0xf2b8ea05
Input System module state changed to: ShutdownInProgress.
Input System polling thread exited.
Input System module state changed to: Shutdown.
Internal: There are remaining Allocations on the JobTempAlloc. This is a leak, and will impact performance
To Debug, run app with -diag-job-temp-memory-leak-validation cmd line argument. This will output the callstacks of the leaked allocations.
