Mono path[0] = 'C:/ssafy/S15P21D204/Client/Build/fallback-4player-profiler/SSketch_Data/Managed'
Mono config path = 'C:/ssafy/S15P21D204/Client/Build/fallback-4player-profiler/MonoBleedingEdge/etc'
Found 2 interfaces on host : 0) 172.30.0.1 1) 172.30.1.81
Player connection [36556]  Target information:

Player connection [36556]  * "[IP] 172.30.0.1 [Port] 55003 [Flags] 2 [Guid] 1325935307 [EditorId] 2725919414 [Version] 1048832 [Id] WindowsPlayer(2,DESKTOP-MS327CL) [Debug] 0 [PackageName] WindowsPlayer [ProjectName] SSketch" 

Player connection [36556]  * "[IP] 172.30.1.81 [Port] 55003 [Flags] 2 [Guid] 1325935307 [EditorId] 2725919414 [Version] 1048832 [Id] WindowsPlayer(2,DESKTOP-MS327CL) [Debug] 0 [PackageName] WindowsPlayer [ProjectName] SSketch" 

Player connection [36556] Started UDP target info broadcast (1) on [225.0.0.222:54997].

Input System module state changed to: Initialized.
[Physics::Module] Initialized fallback backend.
[Physics::Module] Id: 0xdecafbad
Initialize engine version: 6000.3.22f1 (1c726e1fb402)
[Subsystems] Discovering subsystems at path C:/ssafy/S15P21D204/Client/Build/fallback-4player-profiler/SSketch_Data/UnitySubsystems
[D3D12 Device Filter] Vendor Name: NVIDIA
[D3D12 Device Filter] Device Name: NVIDIA GeForce RTX 4050 Laptop GPU
[D3D12 Device Filter] Driver Version: 32.0.15.7657
[D3D12 Device Filter] Feature Level: 12.2
[D3D12 Device Filter] Graphics Memory: 5924 MB
[D3D12 Device Filter] Processor Count: 22
[D3D12 Device Filter] Device Type: Discrete
GfxDevice: creating device client; kGfxThreadingModeSplitJobs
d3d12: failed to query info queue interface (0x80004002).
Direct3D:
    Version:         Direct3D 12 [level 12.2]
    Renderer:        NVIDIA GeForce RTX 4050 Laptop GPU (ID=0x28a1)
    Vendor:          NVIDIA
    VRAM:            5924 MB
    App VRAM Budget: 5156 MB
    Driver:          32.0.15.7657
Begin MonoManager ReloadAssembly
- Loaded All Assemblies, in  0.326 seconds
- Finished resetting the current domain, in  0.004 seconds
[Physics::Module] Selected backend.
[Physics::Module] Name: PhysX
[Physics::Module] Id: 0xf2b8ea05
[Physics::Module] SDK Version: 4.1.2
[Physics::Module] Integration Version: 1.0.0
[Physics::Module] Threading Mode: Multi-Threaded
<RI> Initializing input.
Using Windows.Gaming.Input
UnloadTime: 0.694500 ms
[DevPlaytest] 제목이 'I4P-20260919-201325'인 공개 방이 없습니다. 방장 쪽을 먼저 띄우세요.
UnityEngine.Debug:ExtractStackTraceNoAlloc (byte*,int,string)
UnityEngine.StackTraceUtility:ExtractStackTrace () (at C:/build/output/unity/unity/Runtime/Export/Scripting/StackTrace.cs:35)
UnityEngine.DebugLogHandler:Internal_Log (UnityEngine.LogType,UnityEngine.LogOption,string,UnityEngine.Object)
UnityEngine.DebugLogHandler:LogFormat (UnityEngine.LogType,UnityEngine.Object,string,object[]) (at C:/build/output/unity/unity/Runtime/Export/Logging/DebugLogHandler.cs:9)
UnityEngine.Logger:Log (UnityEngine.LogType,object) (at C:/build/output/unity/unity/Runtime/Export/Logging/Logger.cs:60)
UnityEngine.Debug:LogError (object) (at C:/build/output/unity/unity/Runtime/Export/Debug/Debug.bindings.cs:151)
LogPrinter:LogError (object) (at C:/ssafy/S15P21D204/Client/Assets/Game/Core/Logging/LogPrinter.cs:161)
DevAutoConnectRunner:Fail (string) (at C:/ssafy/S15P21D204/Client/Assets/Game/Tools/Runtime/DevAutoConnectRunner.cs:354)
DevAutoConnectRunner/<JoinRoomAsync>d__29:MoveNext () (at C:/ssafy/S15P21D204/Client/Assets/Game/Tools/Runtime/DevAutoConnectRunner.cs:325)
System.Runtime.CompilerServices.AsyncMethodBuilderCore/MoveNextRunner:InvokeMoveNext (object)
System.Threading.ExecutionContext:RunInternal (System.Threading.ExecutionContext,System.Threading.ContextCallback,object,bool)
System.Threading.ExecutionContext:Run (System.Threading.ExecutionContext,System.Threading.ContextCallback,object,bool)
System.Runtime.CompilerServices.AsyncMethodBuilderCore/MoveNextRunner:Run ()
System.Threading.Tasks.AwaitTaskContinuation:InvokeAction (object)
System.Threading.Tasks.AwaitTaskContinuation:RunCallback (System.Threading.ContextCallback,object,System.Threading.Tasks.Task&)
System.Threading.Tasks.SynchronizationContextAwaitTaskContinuation:Run (System.Threading.Tasks.Task,bool)
System.Threading.Tasks.Task:FinishContinuations ()
System.Threading.Tasks.Task:FinishStageThree ()
System.Threading.Tasks.Task`1<LobbyResult`1<System.Collections.Generic.IReadOnlyList`1<RoomSummary>>>:TrySetResult (LobbyResult`1<System.Collections.Generic.IReadOnlyList`1<RoomSummary>>)
System.Runtime.CompilerServices.AsyncTaskMethodBuilder`1<LobbyResult`1<System.Collections.Generic.IReadOnlyList`1<RoomSummary>>>:SetResult (LobbyResult`1<System.Collections.Generic.IReadOnlyList`1<RoomSummary>>)
LobbyService/<GetRoomsAsync>d__6:MoveNext () (at C:/ssafy/S15P21D204/Client/Assets/Game/Features/Lobby/Runtime/LobbyService.cs:73)
System.Runtime.CompilerServices.AsyncMethodBuilderCore/MoveNextRunner:InvokeMoveNext (object)
System.Threading.ExecutionContext:RunInternal (System.Threading.ExecutionContext,System.Threading.ContextCallback,object,bool)
System.Threading.ExecutionContext:Run (System.Threading.ExecutionContext,System.Threading.ContextCallback,object,bool)
System.Runtime.CompilerServices.AsyncMethodBuilderCore/MoveNextRunner:Run ()
System.Threading.Tasks.AwaitTaskContinuation:InvokeAction (object)
System.Threading.Tasks.AwaitTaskContinuation:RunCallback (System.Threading.ContextCallback,object,System.Threading.Tasks.Task&)
System.Threading.Tasks.SynchronizationContextAwaitTaskContinuation:Run (System.Threading.Tasks.Task,bool)
System.Threading.Tasks.Task:FinishContinuations ()
System.Threading.Tasks.Task:FinishStageThree ()
System.Threading.Tasks.Task`1<RoomListResponse>:TrySetResult (RoomListResponse)
System.Runtime.CompilerServices.AsyncTaskMethodBuilder`1<RoomListResponse>:SetResult (RoomListResponse)
NetworkMessagePipeline/<RequestAsync>d__42`2<RoomListRequest, RoomListResponse>:MoveNext () (at C:/ssafy/S15P21D204/Client/Assets/Game/Infrastructure/Network/TCP/TcpNetworkClient.cs:176)
System.Runtime.CompilerServices.AsyncMethodBuilderCore/MoveNextRunner:InvokeMoveNext (object)
System.Threading.ExecutionContext:RunInternal (System.Threading.ExecutionContext,System.Threading.ContextCallback,object,bool)
System.Threading.ExecutionContext:Run (System.Threading.ExecutionContext,System.Threading.ContextCallback,object,bool)
System.Runtime.CompilerServices.AsyncMethodBuilderCore/MoveNextRunner:Run ()
System.Threading.Tasks.AwaitTaskContinuation:InvokeAction (object)
System.Threading.Tasks.AwaitTaskContinuation:RunCallback (System.Threading.ContextCallback,object,System.Threading.Tasks.Task&)
System.Threading.Tasks.SynchronizationContextAwaitTaskContinuation:Run (System.Threading.Tasks.Task,bool)
System.Threading.Tasks.Task:FinishContinuations ()
System.Threading.Tasks.Task:FinishStageThree ()
System.Threading.Tasks.Task`1<System.Threading.Tasks.VoidTaskResult>:TrySetResult (System.Threading.Tasks.VoidTaskResult)
System.Runtime.CompilerServices.AsyncTaskMethodBuilder`1<System.Threading.Tasks.VoidTaskResult>:SetResult (System.Threading.Tasks.VoidTaskResult)
System.Runtime.CompilerServices.AsyncTaskMethodBuilder`1<System.Threading.Tasks.VoidTaskResult>:SetResult (System.Threading.Tasks.Task`1<System.Threading.Tasks.VoidTaskResult>)
System.Runtime.CompilerServices.AsyncTaskMethodBuilder:SetResult ()
System.Runtime.CompilerServices.AsyncValueTaskMethodBuilder:SetResult ()
NetworkMessagePipeline/<SendPacketAsync>d__50`1<RoomListRequest>:MoveNext () (at C:/ssafy/S15P21D204/Client/Assets/Game/Infrastructure/Network/TCP/TcpNetworkClient.cs:502)
System.Runtime.CompilerServices.AsyncMethodBuilderCore/MoveNextRunner:InvokeMoveNext (object)
System.Threading.ExecutionContext:RunInternal (System.Threading.ExecutionContext,System.Threading.ContextCallback,object,bool)
System.Threading.ExecutionContext:Run (System.Threading.ExecutionContext,System.Threading.ContextCallback,object,bool)
System.Runtime.CompilerServices.AsyncMethodBuilderCore/MoveNextRunner:Run ()
System.Threading.Tasks.SynchronizationContextAwaitTaskContinuation/<>c:<.cctor>b__7_0 (object)
UnityEngine.UnitySynchronizationContext/WorkRequest:Invoke () (at C:/build/output/unity/unity/Runtime/Export/Scripting/UnitySynchronizationContext.cs:156)
UnityEngine.UnitySynchronizationContext:Exec () (at C:/build/output/unity/unity/Runtime/Export/Scripting/UnitySynchronizationContext.cs:84)
UnityEngine.UnitySynchronizationContext:ExecuteTasks () (at C:/build/output/unity/unity/Runtime/Export/Scripting/UnitySynchronizationContext.cs:110)

(Filename: C:/build/output/unity/unity/Runtime/Export/Debug/Debug.bindings.cs Line: 151)

[Physics::Module] Cleanup current backend.
[Physics::Module] Id: 0xf2b8ea05
Input System module state changed to: ShutdownInProgress.
Input System polling thread exited.
Input System module state changed to: Shutdown.
PlayerConnection::Cleanup##utp:{"type":"MemoryLeaks","version":2,"phase":"Immediate","time":1789816463657,"processId":32880,"allocatedMemory":611995,"memoryLabels":[{"Default":136},{"NewDelete":760},{"Thread":7616},{"Manager":540709},{"GfxDevice":2112},{"Audio":752},{"Serialization":520},{"JobScheduler":32768},{"String":543},{"HashMap":15872},{"PoolAlloc":288},{"CloudService":144},{"WebRequest":3774},{"VR":1872},{"Video":144},{"NativeArray":3468},{"Subsystems":96},{"Gui":405},{"CoreBusinessMetrics":120}]}
