Mono path[0] = 'C:/ssafy/S15P21D204/Client/Build/SSketch_Data/Managed'
Mono config path = 'C:/ssafy/S15P21D204/Client/Build/MonoBleedingEdge/etc'
Input System module state changed to: Initialized.
[Physics::Module] Initialized fallback backend.
[Physics::Module] Id: 0xdecafbad
Initialize engine version: 6000.3.22f1 (1c726e1fb402)
[Subsystems] Discovering subsystems at path C:/ssafy/S15P21D204/Client/Build/SSketch_Data/UnitySubsystems
[D3D12 Device Filter] Vendor Name: NVIDIA
[D3D12 Device Filter] Device Name: NVIDIA GeForce RTX 4050 Laptop GPU
[D3D12 Device Filter] Driver Version: 32.0.15.7657
[D3D12 Device Filter] Feature Level: 12.2
[D3D12 Device Filter] Graphics Memory: 5924 MB
[D3D12 Device Filter] Processor Count: 22
[D3D12 Device Filter] Device Type: Discrete
GfxDevice: creating device client; kGfxThreadingModeSplitJobs
d3d12: failed to query info queue interface (0x80004002).
Direct3D:
    Version:         Direct3D 12 [level 12.2]
    Renderer:        NVIDIA GeForce RTX 4050 Laptop GPU (ID=0x28a1)
    Vendor:          NVIDIA
    VRAM:            5924 MB
    App VRAM Budget: 5156 MB
    Driver:          32.0.15.7657
Begin MonoManager ReloadAssembly
- Loaded All Assemblies, in  0.175 seconds
- Finished resetting the current domain, in  0.002 seconds
[Physics::Module] Selected backend.
[Physics::Module] Name: PhysX
[Physics::Module] Id: 0xf2b8ea05
[Physics::Module] SDK Version: 4.1.2
[Physics::Module] Integration Version: 1.0.0
[Physics::Module] Threading Mode: Multi-Threaded
<RI> Initializing input.
Using Windows.Gaming.Input
UnloadTime: 0.505700 ms
Unloading 6 Unused Serialized files (Serialized files now loaded: 0)
UnloadTime: 7.246800 ms
Unloading 361 unused Assets to reduce memory usage. Loaded Objects now: 12307.
Total: 4.261500 ms (FindLiveObjects: 0.575300 ms CreateObjectMapping: 0.356600 ms MarkObjects: 3.159700 ms  DeleteObjects: 0.169400 ms)

Unloading 4 Unused Serialized files (Serialized files now loaded: 0)
UnloadTime: 0.750300 ms
Unloading 125 unused Assets to reduce memory usage. Loaded Objects now: 47757.
Total: 18.251900 ms (FindLiveObjects: 2.760400 ms CreateObjectMapping: 3.587300 ms MarkObjects: 11.710900 ms  DeleteObjects: 0.192700 ms)

Unloading 4 Unused Serialized files (Serialized files now loaded: 0)
UnloadTime: 18.693700 ms
Unloading 355 unused Assets to reduce memory usage. Loaded Objects now: 45221.
Total: 25.634700 ms (FindLiveObjects: 2.803300 ms CreateObjectMapping: 3.288800 ms MarkObjects: 19.207200 ms  DeleteObjects: 0.334400 ms)

Unloading 5 Unused Serialized files (Serialized files now loaded: 0)
UnloadTime: 1.030600 ms
Unloading 23 unused Assets to reduce memory usage. Loaded Objects now: 88211.
Total: 49.988300 ms (FindLiveObjects: 14.675600 ms CreateObjectMapping: 9.113200 ms MarkObjects: 25.720700 ms  DeleteObjects: 0.477600 ms)

[rubber-banding][input-gap] time=210.308 baselineTick=4322 targetTick=4327 missingTicks=4 backfilledTicks=3
[rubber-banding][input-gap] time=210.413 baselineTick=4327 targetTick=4333 missingTicks=5 backfilledTicks=3
[Network] Unhandled packet id 2415 (166 byte payload). Skipped.
[Physics::Module] Cleanup current backend.
[Physics::Module] Id: 0xf2b8ea05
Input System module state changed to: ShutdownInProgress.
Input System polling thread exited.
Input System module state changed to: Shutdown.
