Mono path[0] = 'C:/ssafy/S15P21D204/Client/Build/SSketch_Data/Managed'
Mono config path = 'C:/ssafy/S15P21D204/Client/Build/MonoBleedingEdge/etc'
Input System module state changed to: Initialized.
[Physics::Module] Initialized fallback backend.
[Physics::Module] Id: 0xdecafbad
Initialize engine version: 6000.3.22f1 (1c726e1fb402)
[Subsystems] Discovering subsystems at path C:/ssafy/S15P21D204/Client/Build/SSketch_Data/UnitySubsystems
[D3D12 Device Filter] Vendor Name: NVIDIA
[D3D12 Device Filter] Device Name: NVIDIA GeForce RTX 4050 Laptop GPU
[D3D12 Device Filter] Driver Version: 32.0.15.7657
[D3D12 Device Filter] Feature Level: 12.2
[D3D12 Device Filter] Graphics Memory: 5924 MB
[D3D12 Device Filter] Processor Count: 22
[D3D12 Device Filter] Device Type: Discrete
GfxDevice: creating device client; kGfxThreadingModeSplitJobs
d3d12: failed to query info queue interface (0x80004002).
Direct3D:
    Version:         Direct3D 12 [level 12.2]
    Renderer:        NVIDIA GeForce RTX 4050 Laptop GPU (ID=0x28a1)
    Vendor:          NVIDIA
    VRAM:            5924 MB
    App VRAM Budget: 5156 MB
    Driver:          32.0.15.7657
Begin MonoManager ReloadAssembly
- Loaded All Assemblies, in  1.075 seconds
- Finished resetting the current domain, in  0.002 seconds
[Physics::Module] Selected backend.
[Physics::Module] Name: PhysX
[Physics::Module] Id: 0xf2b8ea05
[Physics::Module] SDK Version: 4.1.2
[Physics::Module] Integration Version: 1.0.0
[Physics::Module] Threading Mode: Multi-Threaded
<RI> Initializing input.
Using Windows.Gaming.Input
UnloadTime: 0.360900 ms
Unloading 6 Unused Serialized files (Serialized files now loaded: 0)
UnloadTime: 6.452400 ms
Unloading 361 unused Assets to reduce memory usage. Loaded Objects now: 12307.
Total: 3.540000 ms (FindLiveObjects: 0.436100 ms CreateObjectMapping: 0.278900 ms MarkObjects: 2.678300 ms  DeleteObjects: 0.146400 ms)

Unloading 4 Unused Serialized files (Serialized files now loaded: 0)
UnloadTime: 0.748400 ms
Unloading 123 unused Assets to reduce memory usage. Loaded Objects now: 47759.
Total: 17.377300 ms (FindLiveObjects: 2.300900 ms CreateObjectMapping: 2.413600 ms MarkObjects: 12.470400 ms  DeleteObjects: 0.191700 ms)

Unloading 4 Unused Serialized files (Serialized files now loaded: 0)
UnloadTime: 12.974600 ms
Unloading 359 unused Assets to reduce memory usage. Loaded Objects now: 45219.
Total: 19.214300 ms (FindLiveObjects: 2.207700 ms CreateObjectMapping: 2.087900 ms MarkObjects: 14.607300 ms  DeleteObjects: 0.310500 ms)

Unloading 5 Unused Serialized files (Serialized files now loaded: 0)
UnloadTime: 1.065900 ms
Unloading 21 unused Assets to reduce memory usage. Loaded Objects now: 88211.
Total: 47.905700 ms (FindLiveObjects: 15.968600 ms CreateObjectMapping: 10.436300 ms MarkObjects: 21.114000 ms  DeleteObjects: 0.385800 ms)

[Network] Unhandled packet id 2415 (166 byte payload). Skipped.
[밤 아이템] 기존 번호[11]: 미구현 아이템, 다른 아이템[4]으로 교체합니다
[Physics::Module] Cleanup current backend.
[Physics::Module] Id: 0xf2b8ea05
Input System module state changed to: ShutdownInProgress.
Input System polling thread exited.
Input System module state changed to: Shutdown.
